// Jest Snapshot v1, https://goo.gl/fbAQLP

exports[`Test for Email renders correctly 1`] = `
<section
  class="bg-ct-black-600 min-h-screen grid place-items-center"
>
  <div
    class="w-full"
  >
    <h1
      class="text-6x1 xl:text-6x2 text-center font-[600] text-ct-green-600 mb-7"
    >
      User Successfully Verified 
    </h1>
    <form
      class="max-w-md w-full mx-auto overflow-hidden shadow-lg bg-ct-dark-200 squared-2xl p-8 space-y-5"
    >
      <span
        class="block"
      >
        <a
          class="text-ct-blue-600"
          href="/login"
        >
          Login
        </a>
      </span>
    </form>
  </div>
</section>
`;
